// Jest Snapshot v1, https://goo.gl/fbAQLP

exports[`<Modal /> render correctly 1`] = `
<div
  className="modal"
>
  <div
    className="content"
  >
    <p>
      Welcome!
    </p>
  </div>
</div>
`;
