// Jest Snapshot v1, https://goo.gl/fbAQLP

exports[`<Card /> render correctly 1`] = `
<Provider
  store={
    Object {
      "clearActions": [Function],
      "dispatch": [Function],
      "getActions": [Function],
      "getState": [Function],
      "replaceReducer": [Function],
      "subscribe": [Function],
    }
  }
>
  <Connect(Card)
    className="test"
    texts={
      Object {
        "addButtonText": "Add",
        "addLanguageText": "Add language",
        "baseWordsText": "BASE WORDS",
        "closeButtonText": "Close",
        "doneText": "DONE",
        "keysText": "KEYS",
        "modalTitleText": "Add Languages",
        "qaIssuesText": "QA ISSUES",
        "teamText": "TEAM",
        "unverifiedText": "UNVERIFIED",
        "wordsToDoText": "WORDS TO DO",
      }
    }
    translation={
      Object {
        "country": "uk",
        "done": 10,
        "id": 1,
        "language": "English",
        "unverified": 30000,
        "wordsToDo": 50000,
      }
    }
  >
    <Card
      className="test"
      dispatch={[Function]}
      texts={
        Object {
          "addButtonText": "Add",
          "addLanguageText": "Add language",
          "baseWordsText": "BASE WORDS",
          "closeButtonText": "Close",
          "doneText": "DONE",
          "keysText": "KEYS",
          "languagesText": Array [
            Object {
              "label": "Russian",
              "value": "ru",
            },
            Object {
              "label": "German",
              "value": "de",
            },
            Object {
              "label": "English",
              "value": "uk",
            },
            Object {
              "label": "French",
              "value": "fr",
            },
            Object {
              "label": "Italian",
              "value": "it",
            },
            Object {
              "label": "Spanish",
              "value": "es",
            },
            Object {
              "label": "Ukrainian",
              "value": "ua",
            },
            Object {
              "label": "Poland",
              "value": "pl",
            },
            Object {
              "label": "Polish",
              "value": "ro",
            },
            Object {
              "label": "Dutch",
              "value": "nl",
            },
            Object {
              "label": "Czech",
              "value": "cz",
            },
            Object {
              "label": "Greek",
              "value": "gr",
            },
            Object {
              "label": "Portuguese",
              "value": "pt",
            },
            Object {
              "label": "Swedish",
              "value": "se",
            },
            Object {
              "label": "Hungarian",
              "value": "bu",
            },
            Object {
              "label": "Belarusian",
              "value": "by",
            },
            Object {
              "label": "Serbian",
              "value": "rs",
            },
            Object {
              "label": "Bulgarian",
              "value": "bg",
            },
            Object {
              "label": "Danish",
              "value": "dk",
            },
            Object {
              "label": "Finnish",
              "value": "fi",
            },
            Object {
              "label": "Macedonian",
              "value": "mk",
            },
          ],
          "modalTitleText": "Add Languages",
          "qaIssuesText": "QA ISSUES",
          "teamText": "TEAM",
          "unverifiedText": "UNVERIFIED",
          "wordsToDoText": "WORDS TO DO",
        }
      }
      translation={
        Object {
          "country": "uk",
          "done": 10,
          "id": 1,
          "language": "English",
          "unverified": 30000,
          "wordsToDo": 50000,
        }
      }
    >
      <div
        className="test container"
      >
        <Language
          flag="uk"
          name="English"
        >
          <div
            className="container"
          >
            <UnitedKingdomFlag
              className="flag"
              key="vector-uk"
            >
              <svg
                className="flag"
                fill="none"
                height="10"
                viewBox="0 0 14 10"
                width="14"
                xmlns="http://www.w3.org/2000/svg"
              >
                <rect
                  fill="white"
                  height="10"
                  rx="1"
                  width="14"
                />
                <mask
                  height="10"
                  id="mask0"
                  mask-type="alpha"
                  maskUnits="userSpaceOnUse"
                  width="14"
                  x="0"
                  y="0"
                >
                  <rect
                    fill="white"
                    height="10"
                    rx="1"
                    width="14"
                  />
                </mask>
                <g
                  mask="url(#mask0)"
                >
                  <rect
                    fill="#0A17A7"
                    height="10"
                    width="14"
                  />
                  <path
                    clipRule="evenodd"
                    d="M-0.640625 -0.958496L5.33333 3.07099V-0.666992H8.66667V3.07161L14.6413 -0.958361L15.3869 0.147022L10.6635 3.33301H14V6.66634H10.6637L15.3874 9.85257L14.6418 10.958L8.66667 6.92764V10.6663H5.33333V6.92826L-0.641128 10.9581L-1.38672 9.8527L3.33726 6.66634H0V3.33301H3.3374L-1.38622 0.146887L-0.640625 -0.958496Z"
                    fill="white"
                    fillRule="evenodd"
                  />
                  <path
                    d="M9.33333 3.1661L15.666 -1"
                    stroke="#DB1F35"
                    strokeLinecap="round"
                    strokeWidth="0.666667"
                  />
                  <path
                    d="M10.0065 6.84871L15.6834 10.6751"
                    stroke="#DB1F35"
                    strokeLinecap="round"
                    strokeWidth="0.666667"
                  />
                  <path
                    d="M4.6445 6.80232L-1.91927 11.1551"
                    stroke="#DB1F35"
                    strokeLinecap="round"
                    strokeWidth="0.666667"
                  />
                  <path
                    clipRule="evenodd"
                    d="M0 6H6V10H8V6H14V4H8V0H6V4H0V6Z"
                    fill="#E6273E"
                    fillRule="evenodd"
                  />
                </g>
              </svg>
            </UnitedKingdomFlag>
            <p
              className="language"
            >
              English
            </p>
          </div>
        </Language>
        <div
          onClick={[Function]}
        >
          <Icons
            className="trash"
            vectors={
              Array [
                "trash",
              ]
            }
          >
            <div
              className="trash container"
            >
              <TrashVector
                className="icon"
                key="vector-trash"
              >
                <svg
                  className="icon"
                  height="15"
                  id="Capa_1"
                  version="1.1"
                  viewBox="0 0 488.936 488.936"
                  x="0px"
                  xmlns="http://www.w3.org/2000/svg"
                  y="0px"
                >
                  <g>
                    <g>
                      <path
                        d="M381.16,111.948H107.376c-6.468,0-12.667,2.819-17.171,7.457c-4.504,4.649-6.934,11.014-6.738,17.477l9.323,307.69 c0.39,12.92,10.972,23.312,23.903,23.312h20.136v-21.012c0-24.121,19.368-44.049,43.488-44.049h127.896 c24.131,0,43.893,19.928,43.893,44.049v21.012h19.73c12.933,0,23.52-10.346,23.913-23.268l9.314-307.7 c0.195-6.462-2.234-12.863-6.738-17.513C393.821,114.767,387.634,111.948,381.16,111.948z"
                      />
                      <path
                        d="M309.166,435.355H181.271c-6.163,0-11.915,4.383-11.915,11.516v30.969c0,6.672,5.342,11.096,11.915,11.096h127.895 c6.323,0,11.366-4.773,11.366-11.096v-30.969C320.532,440.561,315.489,435.355,309.166,435.355z"
                      />
                      <path
                        d="M427.696,27.106C427.696,12.138,415.563,0,400.591,0H88.344C73.372,0,61.239,12.138,61.239,27.106v30.946 c0,14.973,12.133,27.106,27.105,27.106H400.59c14.973,0,27.105-12.133,27.105-27.106L427.696,27.106L427.696,27.106z"
                      />
                    </g>
                  </g>
                </svg>
              </TrashVector>
            </div>
          </Icons>
        </div>
        <ProgressBar
          className="progressBar"
          percentage={10}
        >
          <div
            className="progressBar"
          >
            <div
              style={
                Object {
                  "border": "2px solid #CFCFCF",
                  "height": 0,
                  "width": "100%",
                }
              }
            >
              <div
                style={
                  Object {
                    "border": "2px solid #DB1F35",
                    "marginLeft": "-2px",
                    "marginTop": "-2px",
                    "width": "10%",
                  }
                }
              />
            </div>
          </div>
        </ProgressBar>
        <div
          className="labels"
        >
          <Label
            highlighted={false}
            name="DONE"
            value="10%"
          >
            <div
              className="label"
            >
              <p
                className="name"
              >
                DONE
              </p>
              <p
                className="value"
              >
                10%
              </p>
            </div>
          </Label>
          <Label
            highlighted={true}
            name="WORDS TO DO"
            value="50000"
          >
            <div
              className="label"
            >
              <p
                className="name"
              >
                WORDS TO DO
              </p>
              <p
                className="value highlighted"
              >
                50000
              </p>
            </div>
          </Label>
          <Label
            highlighted={true}
            name="UNVERIFIED"
            value="30000"
          >
            <div
              className="label"
            >
              <p
                className="name"
              >
                UNVERIFIED
              </p>
              <p
                className="value highlighted"
              >
                30000
              </p>
            </div>
          </Label>
        </div>
      </div>
    </Card>
  </Connect(Card)>
</Provider>
`;
