// Jest Snapshot v1, https://goo.gl/fbAQLP

exports[`<Menu /> render correctly 1`] = `
<Provider
  store={
    Object {
      "clearActions": [Function],
      "dispatch": [Function],
      "getActions": [Function],
      "getState": [Function],
      "replaceReducer": [Function],
      "subscribe": [Function],
    }
  }
>
  <Connect(Menu)>
    <Menu
      addProject={[Function]}
      collapse={[Function]}
      collapseText="Collapse all"
      expand={[Function]}
      expandText="Expand all"
      projectText="New project ⇧⌘P"
    >
      <div
        className="menu"
      >
        <Button
          data-test="button-new-project"
          onClick={[Function]}
          text="New project ⇧⌘P"
          type="primary"
        >
          <button
            className="button primary"
            onClick={[Function]}
          >
            New project ⇧⌘P
          </button>
        </Button>
        <Button
          data-test="button-expand"
          onClick={[Function]}
          text="Expand all"
          type="secondary"
        >
          <button
            className="button secondary"
            onClick={[Function]}
          >
            Expand all
          </button>
        </Button>
        <Button
          data-test="button-collapse"
          onClick={[Function]}
          text="Collapse all"
          type="secondary"
        >
          <button
            className="button secondary"
            onClick={[Function]}
          >
            Collapse all
          </button>
        </Button>
      </div>
    </Menu>
  </Connect(Menu)>
</Provider>
`;
