// Jest Snapshot v1, https://goo.gl/fbAQLP

exports[`<Divider /> render correctly 1`] = `
<div
  className="test divider"
/>
`;
